// Jest Snapshot v1, https://goo.gl/fbAQLP

exports[` 1`] = `
<div
  className="sc-bdVaJa fiVyhv"
>
  <div
    className="sc-bwzfXH kfhdYh"
  >
    <img
      alt="Nasa"
    />
    <span>
      <em>
        Published:
      </em>
       
    </span>
  </div>
  <div
    className="sc-htpNat efzKlH"
  >
    <h1 />
    <h2>
      <em>
        yeehaw
      </em>
    </h2>
    <p />
  </div>
</div>
`;

exports[`Testing jest Matches the snapshot 1`] = `
<div
  className="sc-bdVaJa fiVyhv"
>
  <div
    className="sc-bwzfXH kfhdYh"
  >
    <img
      alt="Nasa"
    />
    <span>
      <em>
        Published:
      </em>
       
    </span>
  </div>
  <div
    className="sc-htpNat efzKlH"
  >
    <h1 />
    <h2>
      <em>
        yeehaw
      </em>
    </h2>
    <p />
  </div>
</div>
`;

exports[`swag swagggggg 1`] = `
<div
  className="sc-bdVaJa fiVyhv"
>
  <div
    className="sc-bwzfXH kfhdYh"
  >
    <img
      alt="Nasa"
    />
    <span>
      <em>
        Published:
      </em>
       
    </span>
  </div>
  <div
    className="sc-htpNat efzKlH"
  >
    <h1 />
    <h2>
      <em>
        yeehaw
      </em>
    </h2>
    <p />
  </div>
</div>
`;
